bench snapshot: /tmp/factory-bench.oCB4pw/bench

judge fitness — 2026-09-16T17:26:19Z

CASE                         EXPECT    VERDICT   OUTCOME

-- pass 1 of 3 --
clean                        no        revise    REJECTED THE CONTROL — a judge that fails everything is not a judge  (40s)
tautological-verify          yes       accept    FALSE ACCEPT — it passed a seeded defect  (25s)
contradicts-non-goal         yes       accept    FALSE ACCEPT — it passed a seeded defect  (48s)
invented-current-behaviour   yes       revise    rejected, but for something else  (45s)
unfinishable-task            yes       accept    FALSE ACCEPT — it passed a seeded defect  (26s)
criterion-not-really-met     yes       revise    caught, and named it  (31s)

-- pass 2 of 3 --
clean                        no        revise    REJECTED THE CONTROL — a judge that fails everything is not a judge  (108s)
tautological-verify          yes       accept    FALSE ACCEPT — it passed a seeded defect  (51s)
contradicts-non-goal         yes       revise    caught, and named it  (24s)
invented-current-behaviour   yes       accept    FALSE ACCEPT — it passed a seeded defect  (21s)
unfinishable-task            yes       revise    rejected, but for something else  (54s)
criterion-not-really-met     yes       none      no judgement (rc=1): spec: the answer is not JSON (done_reason=stop, 2213 bytes). jq: parse error: Invalid numeric litera  (27s)

-- pass 3 of 3 --
clean                        no        revise    REJECTED THE CONTROL — a judge that fails everything is not a judge  (55s)
tautological-verify          yes       accept    FALSE ACCEPT — it passed a seeded defect  (55s)
contradicts-non-goal         yes       accept    FALSE ACCEPT — it passed a seeded defect  (31s)
invented-current-behaviour   yes       revise    rejected, but for something else  (45s)
unfinishable-task            yes       accept    FALSE ACCEPT — it passed a seeded defect  (56s)
criterion-not-really-met     yes       accept    FALSE ACCEPT — it passed a seeded defect  (48s)

per case, across 3 passes — the spread is the point:

CASE                         VERDICTS                           NAMED-THE-DEFECT
clean                        revise×3                          0/3
tautological-verify          accept×3                          0/3
contradicts-non-goal         accept×2 revise×1                1/3
invented-current-behaviour   accept×1 revise×2                0/3
unfinishable-task            accept×2 revise×1                0/3
criterion-not-really-met     accept×1 none×1 revise×1        1/3

A case with more than one verdict in that column is not a result. It is the
judge disagreeing with itself on identical input, and no amount of arithmetic
over it produces a number worth acting on.

of 15 seeded defects (5 case(s) × 3 pass(es)): rejected 5, NAMED the actual defect 2
false accepts 9 · abstentions 0 · no answer at all 1
/tmp/factory-bench.oCB4pw/bench/results/judge-fitness-20260916T172619Z.json

The false-accept count is the one that matters. A judge that misses and says
so costs a retry; a judge that misses and accepts is the failure the line exists
to prevent, and it is invisible from the outside.

ONE RUN IS NOT A MEASUREMENT. bench/judge-variance.sh asked this judge the same
question five times with identical input at temperature 0 and got two different
verdicts, findings counts of 9, 1, 1 and 4, and a defect that was named in an
earlier run and missed in all five. Do not compare a number here against another
number here and conclude something changed: establish the spread first, or the
comparison is measuring the weather.
RC=1
